[debug] [2026-08-23T16:56:54.639Z] ----------------------------------------------------------------------
[debug] [2026-08-23T16:56:54.642Z] Command:       C:\Program Files\nodejs\node.exe C:\Users\rehab\AppData\Local\npm-cache\_npx\7750544ccf494d8b\node_modules\firebase-tools\lib\bin\firebase.js deploy --only hosting
[debug] [2026-08-23T16:56:54.643Z] CLI Version:   15.28.1
[debug] [2026-08-23T16:56:54.643Z] Platform:      win32
[debug] [2026-08-23T16:56:54.643Z] Node Version:  v24.18.1
[debug] [2026-08-23T16:56:54.643Z] Detected Agent: antigravity
[debug] [2026-08-23T16:56:54.643Z] Time:          Sun Aug 23 2026 19:56:54 GMT+0300 (Eastern European Summer Time)
[debug] [2026-08-23T16:56:54.643Z] ----------------------------------------------------------------------
[debug] 
[debug] [2026-08-23T16:56:54.665Z] >>> [apiv2][query] GET https://firebase-public.firebaseio.com/cli.json [none]
[debug] [2026-08-23T16:57:32.952Z] Object "/hosting" in "firebase.json" has unknown property: {"additionalProperty":"maxReleases"}
[debug] [2026-08-23T16:57:32.952Z] Field "/hosting" in "firebase.json" is possibly invalid: must be array
[debug] [2026-08-23T16:57:32.952Z] Field "/hosting" in "firebase.json" is possibly invalid: must match a schema in anyOf
[debug] [2026-08-23T16:57:32.964Z] > command requires scopes: ["email","openid","https://www.googleapis.com/auth/cloudplatformprojects.readonly","https://www.googleapis.com/auth/firebase","https://www.googleapis.com/auth/cloud-platform"]
[debug] [2026-08-23T16:57:32.964Z] > authorizing via signed-in user (rehab1842005@gmail.com)
[debug] [2026-08-23T16:57:32.964Z] [iam] checking project rehab-science-book for permissions ["firebase.projects.get","firebasehosting.sites.update"]
[debug] [2026-08-23T16:57:32.966Z] Checked if tokens are valid: false, expires at: 1787119660860
[debug] [2026-08-23T16:57:32.966Z] Checked if tokens are valid: false, expires at: 1787119660860
[debug] [2026-08-23T16:57:32.966Z] > refreshing access token with scopes: []
[debug] [2026-08-23T16:57:32.968Z] >>> [apiv2][query] POST https://www.googleapis.com/oauth2/v3/token [none]
[debug] [2026-08-23T16:57:32.968Z] >>> [apiv2][body] POST https://www.googleapis.com/oauth2/v3/token [omitted]
[debug] [2026-08-23T16:57:33.240Z] <<< [apiv2][status] POST https://www.googleapis.com/oauth2/v3/token 200
[debug] [2026-08-23T16:57:33.240Z] <<< [apiv2][body] POST https://www.googleapis.com/oauth2/v3/token [omitted]
[debug] [2026-08-23T16:57:33.259Z] >>> [apiv2][query] POST https://cloudresourcemanager.googleapis.com/v1/projects/rehab-science-book:testIamPermissions [none]
[debug] [2026-08-23T16:57:33.260Z] >>> [apiv2][(partial)header] POST https://cloudresourcemanager.googleapis.com/v1/projects/rehab-science-book:testIamPermissions  x-goog-user-project=rehab-science-book
[debug] [2026-08-23T16:57:33.260Z] >>> [apiv2][body] POST https://cloudresourcemanager.googleapis.com/v1/projects/rehab-science-book:testIamPermissions {"permissions":["firebase.projects.get","firebasehosting.sites.update"]}
[debug] [2026-08-23T16:57:33.387Z] <<< [apiv2][status] GET https://firebase-public.firebaseio.com/cli.json 200
[debug] [2026-08-23T16:57:33.387Z] <<< [apiv2][body] GET https://firebase-public.firebaseio.com/cli.json {"cloudBuildErrorAfter":1594252800000,"cloudBuildWarnAfter":1590019200000,"defaultNode10After":1594252800000,"minVersion":"3.0.5","node8DeploysDisabledAfter":1613390400000,"node8RuntimeDisabledAfter":1615809600000,"node8WarnAfter":1600128000000}
[debug] [2026-08-23T16:57:34.107Z] <<< [apiv2][status] POST https://cloudresourcemanager.googleapis.com/v1/projects/rehab-science-book:testIamPermissions 200
[debug] [2026-08-23T16:57:34.107Z] <<< [apiv2][body] POST https://cloudresourcemanager.googleapis.com/v1/projects/rehab-science-book:testIamPermissions {"permissions":["firebase.projects.get","firebasehosting.sites.update"]}
[debug] [2026-08-23T16:57:34.109Z] Checked if tokens are valid: true, expires at: 1787507852240
[debug] [2026-08-23T16:57:34.109Z] Checked if tokens are valid: true, expires at: 1787507852240
[debug] [2026-08-23T16:57:34.109Z] >>> [apiv2][query] GET https://firebase.googleapis.com/v1beta1/projects/rehab-science-book [none]
[debug] [2026-08-23T16:57:34.532Z] <<< [apiv2][status] GET https://firebase.googleapis.com/v1beta1/projects/rehab-science-book 200
[debug] [2026-08-23T16:57:34.532Z] <<< [apiv2][body] GET https://firebase.googleapis.com/v1beta1/projects/rehab-science-book {"projectId":"rehab-science-book","projectNumber":"179446131110","displayName":"rehab-science-book","name":"projects/rehab-science-book","resources":{"hostingSite":"rehab-science-book"},"state":"ACTIVE","labels":{"firebase":"enabled"},"etag":"1_2e6d9418-45d2-4826-a825-8d8650b9d896"}
[debug] [2026-08-23T16:57:38.409Z] Checked if tokens are valid: true, expires at: 1787507852240
[debug] [2026-08-23T16:57:38.409Z] Checked if tokens are valid: true, expires at: 1787507852240
[debug] [2026-08-23T16:57:38.409Z] >>> [apiv2][query] GET https://firebasehosting.googleapis.com/v1beta1/projects/rehab-science-book/sites pageToken=&pageSize=10
[debug] [2026-08-23T16:57:39.609Z] <<< [apiv2][status] GET https://firebasehosting.googleapis.com/v1beta1/projects/rehab-science-book/sites 200
[debug] [2026-08-23T16:57:39.610Z] <<< [apiv2][body] GET https://firebasehosting.googleapis.com/v1beta1/projects/rehab-science-book/sites {"sites":[{"name":"projects/rehab-science-book/sites/rehab-science-book","defaultUrl":"https://rehab-science-book.web.app","appId":"1:179446131110:web:0df1812dfca237ccae8767","type":"DEFAULT_SITE"}]}
[debug] [2026-08-23T16:57:39.610Z] Checked if tokens are valid: true, expires at: 1787507852240
[debug] [2026-08-23T16:57:39.610Z] Checked if tokens are valid: true, expires at: 1787507852240
[debug] [2026-08-23T16:57:39.610Z] >>> [apiv2][query] GET https://firebase.googleapis.com/v1beta1/projects/-/webApps/1:179446131110:web:0df1812dfca237ccae8767/config [none]
[debug] [2026-08-23T16:57:40.738Z] <<< [apiv2][status] GET https://firebase.googleapis.com/v1beta1/projects/-/webApps/1:179446131110:web:0df1812dfca237ccae8767/config 200
[debug] [2026-08-23T16:57:40.739Z] <<< [apiv2][body] GET https://firebase.googleapis.com/v1beta1/projects/-/webApps/1:179446131110:web:0df1812dfca237ccae8767/config {"projectId":"rehab-science-book","appId":"1:179446131110:web:0df1812dfca237ccae8767","storageBucket":"rehab-science-book.firebasestorage.app","apiKey":"AIzaSyBl-P5Gcz1E0YMm_tJRGn3wi_E5OGBz_-Q","authDomain":"rehab-science-book.firebaseapp.com","messagingSenderId":"179446131110","measurementId":"G-N5DJWTSWG3","projectNumber":"179446131110","version":"2"}
[info] 
   Thank you for trying our early preview of Next.js support on Firebase Hosting.
   During the preview, support is best-effort and breaking changes can be expected. Proceed with caution.
   The integration is known to work with Next.js version 12 - 16.0. You may encounter errors.

   Documentation: https://firebase.google.com/docs/hosting/frameworks/nextjs
   File a bug: https://github.com/firebase/firebase-tools/issues/new?template=bug_report.md
   Submit a feature request: https://github.com/firebase/firebase-tools/issues/new?template=feature_request.md

   We'd love to learn from you. Express your interest in helping us shape the future of Firebase Hosting: https://goo.gle/41enW5X

[debug] [2026-08-23T16:57:50.027Z] Checked if tokens are valid: true, expires at: 1787507852240
[debug] [2026-08-23T16:57:50.027Z] Checked if tokens are valid: true, expires at: 1787507852240
[debug] [2026-08-23T16:57:50.027Z] >>> [apiv2][query] GET https://firebasehosting.googleapis.com/v1beta1/projects/rehab-science-book/sites/rehab-science-book [none]
[debug] [2026-08-23T16:57:51.040Z] <<< [apiv2][status] GET https://firebasehosting.googleapis.com/v1beta1/projects/rehab-science-book/sites/rehab-science-book 200
[debug] [2026-08-23T16:57:51.040Z] <<< [apiv2][body] GET https://firebasehosting.googleapis.com/v1beta1/projects/rehab-science-book/sites/rehab-science-book {"name":"projects/rehab-science-book/sites/rehab-science-book","defaultUrl":"https://rehab-science-book.web.app","appId":"1:179446131110:web:0df1812dfca237ccae8767","type":"DEFAULT_SITE"}
[info] ▲ Next.js 16.2.12 (Turbopack)

[info] 

[info]   Creating an optimized production build ...

[info] ✓ Compiled successfully in 16.5s

[info]   Running TypeScript ...

[info] Failed to type check.


[info] ./app/components/StudentViewer.tsx:37:35
Type error: Property 'title' does not exist on type 'never'.

  35 |   }, [curriculum, activeLessonId]);
  36 |
> 37 |   const lessonTitle = lessonData?.title || "";
     |                                   ^
  38 |   const lessonVideoUrl = lessonData?.lessonVideoUrl || "";
  39 |
  40 |   const sortedPages = [...pages].sort((a, b) => (a.order || 0) - (b.order || 0));

[info] Next.js build worker exited with code: 1 and signal: null

[debug] [2026-08-23T16:58:31.013Z] Error: ENOENT: no such file or directory, open 'C:\Users\rehab\Downloads\3lom\.next\export-marker.json'
[error] 
[error] Error: An unexpected error has occurred.
